// Vitest Snapshot v1, https://vitest.dev/guide/snapshot.html

exports[`<MDPage /> > should render correctly 1`] = `
<DocumentFragment>
  <div
    class="root-0-2-2"
  >
    <div
      class="content-0-2-3"
    >
      <div
        class="mdpage-0-2-1"
      />
    </div>
  </div>
</DocumentFragment>
`;
